// Jest Snapshot v1, https://goo.gl/fbAQLP

exports[`UnsubscriptionPage is rendered false 1`] = `"<div class=\\"unsubscribe\\"><span role=\\"img\\" aria-label=\\"meh\\" class=\\"anticon anticon-meh icon icon-bad\\"><svg viewBox=\\"64 64 896 896\\" focusable=\\"false\\" data-icon=\\"meh\\" width=\\"1em\\" height=\\"1em\\" fill=\\"currentColor\\" aria-hidden=\\"true\\"><path d=\\"M288 421a48 48 0 1096 0 48 48 0 10-96 0zm352 0a48 48 0 1096 0 48 48 0 10-96 0zM512 64C264.6 64 64 264.6 64 512s200.6 448 448 448 448-200.6 448-448S759.4 64 512 64zm263 711c-34.2 34.2-74 61-118.3 79.8C611 874.2 562.3 884 512 884c-50.3 0-99-9.8-144.8-29.2A370.4 370.4 0 01248.9 775c-34.2-34.2-61-74-79.8-118.3C149.8 611 140 562.3 140 512s9.8-99 29.2-144.8A370.4 370.4 0 01249 248.9c34.2-34.2 74-61 118.3-79.8C413 149.8 461.7 140 512 140c50.3 0 99 9.8 144.8 29.2A370.4 370.4 0 01775.1 249c34.2 34.2 61 74 79.8 118.3C874.2 413 884 461.7 884 512s-9.8 99-29.2 144.8A368.89 368.89 0 01775 775zM664 565H360c-4.4 0-8 3.6-8 8v48c0 4.4 3.6 8 8 8h304c4.4 0 8-3.6 8-8v-48c0-4.4-3.6-8-8-8z\\"></path></svg></span>Sorry, you went to the wrong place.</div>"`;

exports[`UnsubscriptionPage is rendered true 1`] = `"<div class=\\"unsubscribe\\"><span role=\\"img\\" aria-label=\\"check\\" class=\\"anticon anticon-check icon icon-good\\"><svg viewBox=\\"64 64 896 896\\" focusable=\\"false\\" data-icon=\\"check\\" width=\\"1em\\" height=\\"1em\\" fill=\\"currentColor\\" aria-hidden=\\"true\\"><path d=\\"M912 190h-69.9c-9.8 0-19.1 4.5-25.1 12.2L404.7 724.5 207 474a32 32 0 00-25.1-12.2H112c-6.7 0-10.4 7.7-6.3 12.9l273.9 347c12.8 16.2 37.4 16.2 50.3 0l488.4-618.9c4.1-5.1.4-12.8-6.3-12.8z\\"></path></svg></span>All good!</div>"`;
