// Jest Snapshot v1, https://goo.gl/fbAQLP

exports[`UserInformation is rendered true 1`] = `"<div class=\\"ant-col ant-col-xs-20 ant-col-xs-offset-2 ant-col-sm-12 ant-col-sm-offset-1 ant-col-md-12 ant-col-md-offset-2 ant-col-xl-10 ant-col-xl-offset-2\\"><form id=\\"userInfo\\" class=\\"ant-form ant-form-horizontal\\"><div class=\\"ant-row ant-form-item\\"><div class=\\"ant-col ant-col-24 ant-form-item-label\\"><label for=\\"userInfo_firstName\\" class=\\"ant-form-item-required\\" title=\\"First Name\\">First Name</label></div><div class=\\"ant-col ant-col-24 ant-form-item-control\\"><div class=\\"ant-form-item-control-input\\"><div class=\\"ant-form-item-control-input-content\\"><input placeholder=\\"First Name\\" maxlength=\\"25\\" type=\\"text\\" id=\\"userInfo_firstName\\" class=\\"ant-input\\" value=\\"\\"></div></div></div></div><div class=\\"ant-row ant-form-item\\"><div class=\\"ant-col ant-col-24 ant-form-item-label\\"><label for=\\"userInfo_lastName\\" class=\\"ant-form-item-required\\" title=\\"Last Name\\">Last Name</label></div><div class=\\"ant-col ant-col-24 ant-form-item-control\\"><div class=\\"ant-form-item-control-input\\"><div class=\\"ant-form-item-control-input-content\\"><input placeholder=\\"Last Name\\" maxlength=\\"25\\" type=\\"text\\" id=\\"userInfo_lastName\\" class=\\"ant-input\\" value=\\"\\"></div></div></div></div><div class=\\"ant-row ant-form-item\\"><div class=\\"ant-col ant-col-24 ant-form-item-label\\"><label for=\\"userInfo_login\\" class=\\"ant-form-item-required\\" title=\\"Login\\">Login</label></div><div class=\\"ant-col ant-col-24 ant-form-item-control\\"><div class=\\"ant-form-item-control-input\\"><div class=\\"ant-form-item-control-input-content\\"><input placeholder=\\"Login\\" maxlength=\\"25\\" type=\\"text\\" id=\\"userInfo_login\\" class=\\"ant-input\\" value=\\"\\"></div></div></div></div><div class=\\"ant-row ant-form-item\\"><div class=\\"ant-col ant-col-24 ant-form-item-label\\"><label for=\\"userInfo_email\\" class=\\"ant-form-item-required\\" title=\\"E-mail\\">E-mail</label></div><div class=\\"ant-col ant-col-24 ant-form-item-control\\"><div class=\\"ant-form-item-control-input\\"><div class=\\"ant-form-item-control-input-content\\"><input placeholder=\\"E-mail\\" maxlength=\\"25\\" type=\\"text\\" id=\\"userInfo_email\\" class=\\"ant-input\\" value=\\"\\"></div></div></div></div><div class=\\"ant-row ant-form-item\\"><div class=\\"ant-col ant-col-24 ant-form-item-label\\"><label for=\\"userInfo_phone\\" class=\\"ant-form-item-required\\" title=\\"Phone Number\\">Phone Number</label></div><div class=\\"ant-col ant-col-24 ant-form-item-control\\"><div class=\\"ant-form-item-control-input\\"><div class=\\"ant-form-item-control-input-content\\"><input maxlength=\\"13\\" type=\\"text\\" id=\\"userInfo_phone\\" class=\\"ant-input\\" value=\\"+380\\"></div></div></div></div><div class=\\"ant-row ant-form-item\\"><div class=\\"ant-col ant-col-24 ant-form-item-control\\"><div class=\\"ant-form-item-control-input\\"><div class=\\"ant-form-item-control-input-content\\"><button type=\\"button\\" class=\\"ant-btn ant-btn-primary\\"><span>Submit</span></button></div></div></div></div></form></div>"`;
